[      15ms] [ERROR] Failed to load resource: the server responded with a status of 404 (File not found) @ http://localhost:8777/lib/alt-void.css:0
[      15ms] [ERROR] Failed to load resource: the server responded with a status of 404 (File not found) @ http://localhost:8777/images/badger-studio.png:0
[      15ms] [ERROR] Failed to load resource: the server responded with a status of 404 (File not found) @ http://localhost:8777/lib/pixel-drift.js:0
[      16ms] [ERROR] Failed to load resource: the server responded with a status of 404 (File not found) @ http://localhost:8777/lib/text-drift.js:0
[      17ms] [ERROR] Failed to load resource: the server responded with a status of 404 (File not found) @ http://localhost:8777/lib/sprite-ghost.js:0
[      38ms] [ERROR] Failed to load resource: the server responded with a status of 404 (File not found) @ http://localhost:8777/favicon.ico:0
[ 4709156ms] [ERROR] Failed to load resource: the server responded with a status of 404 (File not found) @ http://localhost:8777/lib/alt-void.css:0
[ 4709156ms] [ERROR] Failed to load resource: the server responded with a status of 404 (File not found) @ http://localhost:8777/images/badger-studio.png:0
[ 4709159ms] [ERROR] Failed to load resource: the server responded with a status of 404 (File not found) @ http://localhost:8777/lib/pixel-drift.js:0
[ 4709159ms] [ERROR] Failed to load resource: the server responded with a status of 404 (File not found) @ http://localhost:8777/lib/sprite-ghost.js:0
[ 4709159ms] [ERROR] Failed to load resource: the server responded with a status of 404 (File not found) @ http://localhost:8777/lib/text-drift.js:0
[ 4719756ms] [ERROR] Failed to load resource: the server responded with a status of 404 (File not found) @ http://localhost:8777/lib/alt-void.css:0
[ 4719757ms] [ERROR] Failed to load resource: the server responded with a status of 404 (File not found) @ http://localhost:8777/images/badger-studio.png:0
[ 4719759ms] [ERROR] Failed to load resource: the server responded with a status of 404 (File not found) @ http://localhost:8777/lib/pixel-drift.js:0
[ 4719760ms] [ERROR] Failed to load resource: the server responded with a status of 404 (File not found) @ http://localhost:8777/lib/text-drift.js:0
[ 4719760ms] [ERROR] Failed to load resource: the server responded with a status of 404 (File not found) @ http://localhost:8777/lib/sprite-ghost.js:0
[ 4720390ms] [ERROR] Failed to load resource: the server responded with a status of 404 (File not found) @ http://localhost:8777/images/badger-studio.png:0
[ 4720390ms] [ERROR] Failed to load resource: the server responded with a status of 404 (File not found) @ http://localhost:8777/lib/alt-void.css:0
[ 4720392ms] [ERROR] Failed to load resource: the server responded with a status of 404 (File not found) @ http://localhost:8777/lib/text-drift.js:0
[ 4720393ms] [ERROR] Failed to load resource: the server responded with a status of 404 (File not found) @ http://localhost:8777/lib/sprite-ghost.js:0
[ 4720393ms] [ERROR] Failed to load resource: the server responded with a status of 404 (File not found) @ http://localhost:8777/lib/pixel-drift.js:0
[ 4720733ms] [ERROR] Failed to load resource: the server responded with a status of 404 (File not found) @ http://localhost:8777/lib/alt-void.css:0
[ 4720733ms] [ERROR] Failed to load resource: the server responded with a status of 404 (File not found) @ http://localhost:8777/images/badger-studio.png:0
[ 4720734ms] [ERROR] Failed to load resource: the server responded with a status of 404 (File not found) @ http://localhost:8777/lib/pixel-drift.js:0
[ 4720735ms] [ERROR] Failed to load resource: the server responded with a status of 404 (File not found) @ http://localhost:8777/lib/text-drift.js:0
[ 4720735ms] [ERROR] Failed to load resource: the server responded with a status of 404 (File not found) @ http://localhost:8777/lib/sprite-ghost.js:0
[ 4721455ms] [ERROR] Failed to load resource: the server responded with a status of 404 (File not found) @ http://localhost:8777/lib/alt-void.css:0
[ 4721455ms] [ERROR] Failed to load resource: the server responded with a status of 404 (File not found) @ http://localhost:8777/images/badger-studio.png:0
[ 4721458ms] [ERROR] Failed to load resource: the server responded with a status of 404 (File not found) @ http://localhost:8777/lib/pixel-drift.js:0
[ 4721458ms] [ERROR] Failed to load resource: the server responded with a status of 404 (File not found) @ http://localhost:8777/lib/text-drift.js:0
[ 4721459ms] [ERROR] Failed to load resource: the server responded with a status of 404 (File not found) @ http://localhost:8777/lib/sprite-ghost.js:0
[ 4722316ms] [ERROR] Failed to load resource: the server responded with a status of 404 (File not found) @ http://localhost:8777/lib/alt-void.css:0
[ 4722316ms] [ERROR] Failed to load resource: the server responded with a status of 404 (File not found) @ http://localhost:8777/images/badger-studio.png:0
[ 4722319ms] [ERROR] Failed to load resource: the server responded with a status of 404 (File not found) @ http://localhost:8777/lib/pixel-drift.js:0
[ 4722320ms] [ERROR] Failed to load resource: the server responded with a status of 404 (File not found) @ http://localhost:8777/lib/sprite-ghost.js:0
[ 4722320ms] [ERROR] Failed to load resource: the server responded with a status of 404 (File not found) @ http://localhost:8777/lib/text-drift.js:0
[ 4722822ms] [ERROR] Failed to load resource: the server responded with a status of 404 (File not found) @ http://localhost:8777/lib/alt-void.css:0
[ 4722823ms] [ERROR] Failed to load resource: the server responded with a status of 404 (File not found) @ http://localhost:8777/images/badger-studio.png:0
[ 4722824ms] [ERROR] Failed to load resource: the server responded with a status of 404 (File not found) @ http://localhost:8777/lib/pixel-drift.js:0
[ 4722825ms] [ERROR] Failed to load resource: the server responded with a status of 404 (File not found) @ http://localhost:8777/lib/text-drift.js:0
[ 4722825ms] [ERROR] Failed to load resource: the server responded with a status of 404 (File not found) @ http://localhost:8777/lib/sprite-ghost.js:0
[ 4729551ms] [ERROR] Failed to load resource: the server responded with a status of 404 (File not found) @ http://localhost:8777/lib/alt-void.css:0
[ 4729552ms] [ERROR] Failed to load resource: the server responded with a status of 404 (File not found) @ http://localhost:8777/images/badger-studio.png:0
[ 4729555ms] [ERROR] Failed to load resource: the server responded with a status of 404 (File not found) @ http://localhost:8777/lib/pixel-drift.js:0
[ 4729555ms] [ERROR] Failed to load resource: the server responded with a status of 404 (File not found) @ http://localhost:8777/lib/text-drift.js:0
[ 4729555ms] [ERROR] Failed to load resource: the server responded with a status of 404 (File not found) @ http://localhost:8777/lib/sprite-ghost.js:0
[ 4733667ms] [ERROR] Failed to load resource: the server responded with a status of 404 (File not found) @ http://localhost:8777/images/badger-studio.png:0
[ 4733667ms] [ERROR] Failed to load resource: the server responded with a status of 404 (File not found) @ http://localhost:8777/lib/alt-void.css:0
[ 4733671ms] [ERROR] Failed to load resource: the server responded with a status of 404 (File not found) @ http://localhost:8777/lib/text-drift.js:0
[ 4733671ms] [ERROR] Failed to load resource: the server responded with a status of 404 (File not found) @ http://localhost:8777/lib/pixel-drift.js:0
[ 4733671ms] [ERROR] Failed to load resource: the server responded with a status of 404 (File not found) @ http://localhost:8777/lib/sprite-ghost.js:0
[ 4738876ms] [ERROR] Failed to load resource: the server responded with a status of 404 (File not found) @ http://localhost:8777/lib/alt-void.css:0
[ 4738877ms] [ERROR] Failed to load resource: the server responded with a status of 404 (File not found) @ http://localhost:8777/images/badger-studio.png:0
[ 4738880ms] [ERROR] Failed to load resource: the server responded with a status of 404 (File not found) @ http://localhost:8777/lib/pixel-drift.js:0
[ 4738880ms] [ERROR] Failed to load resource: the server responded with a status of 404 (File not found) @ http://localhost:8777/lib/text-drift.js:0
[ 4738880ms] [ERROR] Failed to load resource: the server responded with a status of 404 (File not found) @ http://localhost:8777/lib/sprite-ghost.js:0
